62.32.215.254 - - [19/Sep/2010:12:23:39 +0200] "GET /css/style.css HTTP/1.1" 304 132 "http://www.whitesandresorts.es/legal.html" "Mozilla/4.0 (compatible; MSIE 8.0; Windows NT 6.1; Trident/4.0; SLCC2; .NET CLR 2.0.50727; .NET CLR 3.5.30729; .NET CLR 3.0.30729; HPNTDF)" "PHPSESSID=4qf2m5ihin3ac09jkp5cj3oj94; __utma=225644636.379675003.1284886841.1284886841.1284886841.1; __utmb=225644636.15.10.1284886841; __utmc=225644636; __utmz=225644636.1284886841.1.1.utmcsr=google|utmccn=(organic)|utmcmd=organic|utmctr=whitesandresorts"
62.32.215.254 - - [19/Sep/2010:12:23:39 +0200] "GET /images/flags/flags_3.gif HTTP/1.1" 304 130 "http://www.whitesandresorts.es/legal.html" "Mozilla/4.0 (compatible; MSIE 8.0; Windows NT 6.1; Trident/4.0; SLCC2; .NET CLR 2.0.50727; .NET CLR 3.5.30729; .NET CLR 3.0.30729; HPNTDF)" "PHPSESSID=4qf2m5ihin3ac09jkp5cj3oj94; __utma=225644636.379675003.1284886841.1284886841.1284886841.1; __utmb=225644636.15.10.1284886841; __utmc=225644636; __utmz=225644636.1284886841.1.1.utmcsr=google|utmccn=(organic)|utmcmd=organic|utmctr=whitesandresorts"
62.32.215.254 - - [19/Sep/2010:12:23:39 +0200] "GET /images/flags/flags_2.gif HTTP/1.1" 304 130 "http://www.whitesandresorts.es/legal.html" "Mozilla/4.0 (compatible; MSIE 8.0; Windows NT 6.1; Trident/4.0; SLCC2; .NET CLR 2.0.50727; .NET CLR 3.5.30729; .NET CLR 3.0.30729; HPNTDF)" "PHPSESSID=4qf2m5ihin3ac09jkp5cj3oj94; __utma=225644636.379675003.1284886841.1284886841.1284886841.1; __utmb=225644636.15.10.1284886841; __utmc=225644636; __utmz=225644636.1284886841.1.1.utmcsr=google|utmccn=(organic)|utmcmd=organic|utmctr=whitesandresorts"
62.32.215.254 - - [19/Sep/2010:12:23:39 +0200] "GET /images/flags/flags_1.gif HTTP/1.1" 200 12238 "http://www.whitesandresorts.es/legal.html" "Mozilla/4.0 (compatible; MSIE 8.0; Windows NT 6.1; Trident/4.0; SLCC2; .NET CLR 2.0.50727; .NET CLR 3.5.30729; .NET CLR 3.0.30729; HPNTDF)" "PHPSESSID=4qf2m5ihin3ac09jkp5cj3oj94; __utma=225644636.379675003.1284886841.1284886841.1284886841.1; __utmb=225644636.15.10.1284886841; __utmc=225644636; __utmz=225644636.1284886841.1.1.utmcsr=google|utmccn=(organic)|utmcmd=organic|utmctr=whitesandresorts"
62.32.215.254 - - [19/Sep/2010:12:23:40 +0200] "GET /images/bgBODY.png HTTP/1.1" 304 131 "http://www.whitesandresorts.es/legal.html" "Mozilla/4.0 (compatible; MSIE 8.0; Windows NT 6.1; Trident/4.0; SLCC2; .NET CLR 2.0.50727; .NET CLR 3.5.30729; .NET CLR 3.0.30729; HPNTDF)" "PHPSESSID=4qf2m5ihin3ac09jkp5cj3oj94; __utma=225644636.379675003.1284886841.1284886841.1284886841.1; __utmb=225644636.15.10.1284886841; __utmc=225644636; __utmz=225644636.1284886841.1.1.utmcsr=google|utmccn=(organic)|utmcmd=organic|utmctr=whitesandresorts"
82.159.89.114 - - [19/Sep/2010:12:23:49 +0200] "GET /privacidad.html HTTP/1.1" 304 132 "http://www.whitesandresorts.es/index.php" "Mozilla/4.0 (compatible; MSIE 8.0; Windows NT 6.0; Trident/4.0; GTB6.5; SLCC1; .NET CLR 2.0.50727; Media Center PC 5.0; .NET CLR 3.5.30729; .NET CLR 3.0.30729)" "__utma=225644636.207638091.1261223314.1284740239.1284887040.22; __utmz=225644636.1284740239.21.1.utmcsr=(direct)|utmccn=(direct)|utmcmd=(none); __utmb=225644636.32.10.1284887040; __utmc=225644636; PHPSESSID=gleafr930kdf11t09ttac8bcf5"
82.159.89.114 - - [19/Sep/2010:12:23:49 +0200] "GET /css/style.css HTTP/1.1" 304 132 "http://www.whitesandresorts.es/privacidad.html" "Mozilla/4.0 (compatible; MSIE 8.0; Windows NT 6.0; Trident/4.0; GTB6.5; SLCC1; .NET CLR 2.0.50727; Media Center PC 5.0; .NET CLR 3.5.30729; .NET CLR 3.0.30729)" "__utma=225644636.207638091.1261223314.1284740239.1284887040.22; __utmz=225644636.1284740239.21.1.utmcsr=(direct)|utmccn=(direct)|utmcmd=(none); __utmb=225644636.32.10.1284887040; __utmc=225644636; PHPSESSID=gleafr930kdf11t09ttac8bcf5"
82.159.89.114 - - [19/Sep/2010:12:23:49 +0200] "GET /images/flags/flags_2.gif HTTP/1.1" 304 130 "http://www.whitesandresorts.es/privacidad.html" "Mozilla/4.0 (compatible; MSIE 8.0; Windows NT 6.0; Trident/4.0; GTB6.5; SLCC1; .NET CLR 2.0.50727; Media Center PC 5.0; .NET CLR 3.5.30729; .NET CLR 3.0.30729)" "__utma=225644636.207638091.1261223314.1284740239.1284887040.22; __utmz=225644636.1284740239.21.1.utmcsr=(direct)|utmccn=(direct)|utmcmd=(none); __utmb=225644636.32.10.1284887040; __utmc=225644636; PHPSESSID=gleafr930kdf11t09ttac8bcf5"
82.159.89.114 - - [19/Sep/2010:12:23:49 +0200] "GET /images/flags/flags_3.gif HTTP/1.1" 304 130 "http://www.whitesandresorts.es/privacidad.html" "Mozilla/4.0 (compatible; MSIE 8.0; Windows NT 6.0; Trident/4.0; GTB6.5; SLCC1; .NET CLR 2.0.50727; Media Center PC 5.0; .NET CLR 3.5.30729; .NET CLR 3.0.30729)" "__utma=225644636.207638091.1261223314.1284740239.1284887040.22; __utmz=225644636.1284740239.21.1.utmcsr=(direct)|utmccn=(direct)|utmcmd=(none); __utmb=225644636.32.10.1284887040; __utmc=225644636; PHPSESSID=gleafr930kdf11t09ttac8bcf5"
82.159.89.114 - - [19/Sep/2010:12:23:49 +0200] "GET /images/flags/flags_1.gif HTTP/1.1" 304 132 "http://www.whitesandresorts.es/privacidad.html" "Mozilla/4.0 (compatible; MSIE 8.0; Windows NT 6.0; Trident/4.0; GTB6.5; SLCC1; .NET CLR 2.0.50727; Media Center PC 5.0; .NET CLR 3.5.30729; .NET CLR 3.0.30729)" "__utma=225644636.207638091.1261223314.1284740239.1284887040.22; __utmz=225644636.1284740239.21.1.utmcsr=(direct)|utmccn=(direct)|utmcmd=(none); __utmb=225644636.32.10.1284887040; __utmc=225644636; PHPSESSID=gleafr930kdf11t09ttac8bcf5"
82.159.89.114 - - [19/Sep/2010:12:23:49 +0200] "GET /images/bgBODY.png HTTP/1.1" 304 131 "http://www.whitesandresorts.es/privacidad.html" "Mozilla/4.0 (compatible; MSIE 8.0; Windows NT 6.0; Trident/4.0; GTB6.5; SLCC1; .NET CLR 2.0.50727; Media Center PC 5.0; .NET CLR 3.5.30729; .NET CLR 3.0.30729)" "__utma=225644636.207638091.1261223314.1284740239.1284887040.22; __utmz=225644636.1284740239.21.1.utmcsr=(direct)|utmccn=(direct)|utmcmd=(none); __utmb=225644636.32.10.1284887040; __utmc=225644636; PHPSESSID=gleafr930kdf11t09ttac8bcf5"
62.32.215.254 - - [19/Sep/2010:12:24:19 +0200] "GET /quienes.php HTTP/1.1" 200 9872 "http://www.whitesandresorts.es/index.php" "Mozilla/4.0 (compatible; MSIE 8.0; Windows NT 6.1; Trident/4.0; SLCC2; .NET CLR 2.0.50727; .NET CLR 3.5.30729; .NET CLR 3.0.30729; HPNTDF)" "PHPSESSID=4qf2m5ihin3ac09jkp5cj3oj94; __utma=225644636.379675003.1284886841.1284886841.1284886841.1; __utmb=225644636.15.10.1284886841; __utmc=225644636; __utmz=225644636.1284886841.1.1.utmcsr=google|utmccn=(organic)|utmcmd=organic|utmctr=whitesandresorts"
62.32.215.254 - - [19/Sep/2010:12:24:22 +0200] "GET /css/imageMenu.css HTTP/1.1" 304 131 "http://www.whitesandresorts.es/quienes.php" "Mozilla/4.0 (compatible; MSIE 8.0; Windows NT 6.1; Trident/4.0; SLCC2; .NET CLR 2.0.50727; .NET CLR 3.5.30729; .NET CLR 3.0.30729; HPNTDF)" "PHPSESSID=4qf2m5ihin3ac09jkp5cj3oj94; __utma=225644636.379675003.1284886841.1284886841.1284886841.1; __utmb=225644636.15.10.1284886841; __utmc=225644636; __utmz=225644636.1284886841.1.1.utmcsr=google|utmccn=(organic)|utmcmd=organic|utmctr=whitesandresorts"
62.32.215.254 - - [19/Sep/2010:12:24:23 +0200] "GET /scripts/funciones.js HTTP/1.1" 304 132 "http://www.whitesandresorts.es/quienes.php" "Mozilla/4.0 (compatible; MSIE 8.0; Windows NT 6.1; Trident/4.0; SLCC2; .NET CLR 2.0.50727; .NET CLR 3.5.30729; .NET CLR 3.0.30729; HPNTDF)" "PHPSESSID=4qf2m5ihin3ac09jkp5cj3oj94; __utma=225644636.379675003.1284886841.1284886841.1284886841.1; __utmb=225644636.15.10.1284886841; __utmc=225644636; __utmz=225644636.1284886841.1.1.utmcsr=google|utmccn=(organic)|utmcmd=organic|utmctr=whitesandresorts"
62.32.215.254 - - [19/Sep/2010:12:24:24 +0200] "GET /scripts/buscador.php HTTP/1.1" 200 4051 "http://www.whitesandresorts.es/quienes.php" "Mozilla/4.0 (compatible; MSIE 8.0; Windows NT 6.1; Trident/4.0; SLCC2; .NET CLR 2.0.50727; .NET CLR 3.5.30729; .NET CLR 3.0.30729; HPNTDF)" "PHPSESSID=4qf2m5ihin3ac09jkp5cj3oj94; __utma=225644636.379675003.1284886841.1284886841.1284886841.1; __utmb=225644636.15.10.1284886841; __utmc=225644636; __utmz=225644636.1284886841.1.1.utmcsr=google|utmccn=(organic)|utmcmd=organic|utmctr=whitesandresorts"
62.32.215.254 - - [19/Sep/2010:12:24:24 +0200] "GET /images/logoTR.png HTTP/1.1" 304 132 "http://www.whitesandresorts.es/quienes.php" "Mozilla/4.0 (compatible; MSIE 8.0; Windows NT 6.1; Trident/4.0; SLCC2; .NET CLR 2.0.50727; .NET CLR 3.5.30729; .NET CLR 3.0.30729; HPNTDF)" "PHPSESSID=4qf2m5ihin3ac09jkp5cj3oj94; __utma=225644636.379675003.1284886841.1284886841.1284886841.1; __utmb=225644636.15.10.1284886841; __utmc=225644636; __utmz=225644636.1284886841.1.1.utmcsr=google|utmccn=(organic)|utmcmd=organic|utmctr=whitesandresorts"
62.32.215.254 - - [19/Sep/2010:12:24:25 +0200] "GET /images/quienes-somos.gif HTTP/1.1" 200 25205 "http://www.whitesandresorts.es/quienes.php" "Mozilla/4.0 (compatible; MSIE 8.0; Windows NT 6.1; Trident/4.0; SLCC2; .NET CLR 2.0.50727; .NET CLR 3.5.30729; .NET CLR 3.0.30729; HPNTDF)" "PHPSESSID=4qf2m5ihin3ac09jkp5cj3oj94; __utma=225644636.379675003.1284886841.1284886841.1284886841.1; __utmb=225644636.15.10.1284886841; __utmc=225644636; __utmz=225644636.1284886841.1.1.utmcsr=google|utmccn=(organic)|utmcmd=organic|utmctr=whitesandresorts"
82.159.89.114 - - [19/Sep/2010:12:24:31 +0200] "GET /quienes.php HTTP/1.1" 200 9872 "http://www.whitesandresorts.es/index.php" "Mozilla/4.0 (compatible; MSIE 8.0; Windows NT 6.0; Trident/4.0; GTB6.5; SLCC1; .NET CLR 2.0.50727; Media Center PC 5.0; .NET CLR 3.5.30729; .NET CLR 3.0.30729)" "__utma=225644636.207638091.1261223314.1284740239.1284887040.22; __utmz=225644636.1284740239.21.1.utmcsr=(direct)|utmccn=(direct)|utmcmd=(none); __utmb=225644636.32.10.1284887040; __utmc=225644636; PHPSESSID=gleafr930kdf11t09ttac8bcf5"
82.159.89.114 - - [19/Sep/2010:12:24:31 +0200] "GET /scripts/funciones.js HTTP/1.1" 304 132 "http://www.whitesandresorts.es/quienes.php" "Mozilla/4.0 (compatible; MSIE 8.0; Windows NT 6.0; Trident/4.0; GTB6.5; SLCC1; .NET CLR 2.0.50727; Media Center PC 5.0; .NET CLR 3.5.30729; .NET CLR 3.0.30729)" "__utma=225644636.207638091.1261223314.1284740239.1284887040.22; __utmz=225644636.1284740239.21.1.utmcsr=(direct)|utmccn=(direct)|utmcmd=(none); __utmb=225644636.32.10.1284887040; __utmc=225644636; PHPSESSID=gleafr930kdf11t09ttac8bcf5"
82.159.89.114 - - [19/Sep/2010:12:24:31 +0200] "GET /css/imageMenu.css HTTP/1.1" 304 131 "http://www.whitesandresorts.es/quienes.php" "Mozilla/4.0 (compatible; MSIE 8.0; Windows NT 6.0; Trident/4.0; GTB6.5; SLCC1; .NET CLR 2.0.50727; Media Center PC 5.0; .NET CLR 3.5.30729; .NET CLR 3.0.30729)" "__utma=225644636.207638091.1261223314.1284740239.1284887040.22; __utmz=225644636.1284740239.21.1.utmcsr=(direct)|utmccn=(direct)|utmcmd=(none); __utmb=225644636.32.10.1284887040; __utmc=225644636; PHPSESSID=gleafr930kdf11t09ttac8bcf5"
82.159.89.114 - - [19/Sep/2010:12:24:31 +0200] "GET /scripts/buscador.php HTTP/1.1" 200 4051 "http://www.whitesandresorts.es/quienes.php" "Mozilla/4.0 (compatible; MSIE 8.0; Windows NT 6.0; Trident/4.0; GTB6.5; SLCC1; .NET CLR 2.0.50727; Media Center PC 5.0; .NET CLR 3.5.30729; .NET CLR 3.0.30729)" "__utma=225644636.207638091.1261223314.1284740239.1284887040.22; __utmz=225644636.1284740239.21.1.utmcsr=(direct)|utmccn=(direct)|utmcmd=(none); __utmb=225644636.32.10.1284887040; __utmc=225644636; PHPSESSID=gleafr930kdf11t09ttac8bcf5"
82.159.89.114 - - [19/Sep/2010:12:24:31 +0200] "GET /images/logoTR.png HTTP/1.1" 304 132 "http://www.whitesandresorts.es/quienes.php" "Mozilla/4.0 (compatible; MSIE 8.0; Windows NT 6.0; Trident/4.0; GTB6.5; SLCC1; .NET CLR 2.0.50727; Media Center PC 5.0; .NET CLR 3.5.30729; .NET CLR 3.0.30729)" "__utma=225644636.207638091.1261223314.1284740239.1284887040.22; __utmz=225644636.1284740239.21.1.utmcsr=(direct)|utmccn=(direct)|utmcmd=(none); __utmb=225644636.32.10.1284887040; __utmc=225644636; PHPSESSID=gleafr930kdf11t09ttac8bcf5"
82.159.89.114 - - [19/Sep/2010:12:24:31 +0200] "GET /images/quienes-somos.gif HTTP/1.1" 304 132 "http://www.whitesandresorts.es/quienes.php" "Mozilla/4.0 (compatible; MSIE 8.0; Windows NT 6.0; Trident/4.0; GTB6.5; SLCC1; .NET CLR 2.0.50727; Media Center PC 5.0; .NET CLR 3.5.30729; .NET CLR 3.0.30729)" "__utma=225644636.207638091.1261223314.1284740239.1284887040.22; __utmz=225644636.1284740239.21.1.utmcsr=(direct)|utmccn=(direct)|utmcmd=(none); __utmb=225644636.32.10.1284887040; __utmc=225644636; PHPSESSID=gleafr930kdf11t09ttac8bcf5"
62.32.215.254 - - [19/Sep/2010:12:24:44 +0200] "GET /index.php HTTP/1.1" 200 4059 "http://www.whitesandresorts.es/El-Bosque" "Mozilla/4.0 (compatible; MSIE 8.0; Windows NT 6.1; Trident/4.0; SLCC2; .NET CLR 2.0.50727; .NET CLR 3.5.30729; .NET CLR 3.0.30729; HPNTDF)" "PHPSESSID=4qf2m5ihin3ac09jkp5cj3oj94; __utma=225644636.379675003.1284886841.1284886841.1284886841.1; __utmb=225644636.15.10.1284886841; __utmc=225644636; __utmz=225644636.1284886841.1.1.utmcsr=google|utmccn=(organic)|utmcmd=organic|utmctr=whitesandresorts"
82.159.89.114 - - [19/Sep/2010:12:24:46 +0200] "GET /index.php HTTP/1.1" 200 4059 "http://www.whitesandresorts.es/Oliva-Nova?s=3" "Mozilla/4.0 (compatible; MSIE 8.0; Windows NT 6.0; Trident/4.0; GTB6.5; SLCC1; .NET CLR 2.0.50727; Media Center PC 5.0; .NET CLR 3.5.30729; .NET CLR 3.0.30729)" "__utma=225644636.207638091.1261223314.1284740239.1284887040.22; __utmz=225644636.1284740239.21.1.utmcsr=(direct)|utmccn=(direct)|utmcmd=(none); __utmb=225644636.32.10.1284887040; __utmc=225644636; PHPSESSID=gleafr930kdf11t09ttac8bcf5"
82.159.89.114 - - [19/Sep/2010:12:24:47 +0200] "GET /common/js/mootools.js HTTP/1.1" 304 132 "http://www.whitesandresorts.es/index.php" "Mozilla/4.0 (compatible; MSIE 8.0; Windows NT 6.0; Trident/4.0; GTB6.5; SLCC1; .NET CLR 2.0.50727; Media Center PC 5.0; .NET CLR 3.5.30729; .NET CLR 3.0.30729)" "__utma=225644636.207638091.1261223314.1284740239.1284887040.22; __utmz=225644636.1284740239.21.1.utmcsr=(direct)|utmccn=(direct)|utmcmd=(none); __utmb=225644636.32.10.1284887040; __utmc=225644636; PHPSESSID=gleafr930kdf11t09ttac8bcf5"
82.159.89.114 - - [19/Sep/2010:12:24:47 +0200] "GET /scripts/imageMenu.js HTTP/1.1" 304 131 "http://www.whitesandresorts.es/index.php" "Mozilla/4.0 (compatible; MSIE 8.0; Windows NT 6.0; Trident/4.0; GTB6.5; SLCC1; .NET CLR 2.0.50727; Media Center PC 5.0; .NET CLR 3.5.30729; .NET CLR 3.0.30729)" "__utma=225644636.207638091.1261223314.1284740239.1284887040.22; __utmz=225644636.1284740239.21.1.utmcsr=(direct)|utmccn=(direct)|utmcmd=(none); __utmb=225644636.32.10.1284887040; __utmc=225644636; PHPSESSID=gleafr930kdf11t09ttac8bcf5"
82.159.89.114 - - [19/Sep/2010:12:24:47 +0200] "GET /images/turismo.jpg HTTP/1.1" 304 133 "http://www.whitesandresorts.es/index.php" "Mozilla/4.0 (compatible; MSIE 8.0; Windows NT 6.0; Trident/4.0; GTB6.5; SLCC1; .NET CLR 2.0.50727; Media Center PC 5.0; .NET CLR 3.5.30729; .NET CLR 3.0.30729)" "__utma=225644636.207638091.1261223314.1284740239.1284887040.22; __utmz=225644636.1284740239.21.1.utmcsr=(direct)|utmccn=(direct)|utmcmd=(none); __utmb=225644636.32.10.1284887040; __utmc=225644636; PHPSESSID=gleafr930kdf11t09ttac8bcf5"
82.159.89.114 - - [19/Sep/2010:12:24:47 +0200] "GET /images/banner2.jpg HTTP/1.1" 304 133 "http://www.whitesandresorts.es/index.php" "Mozilla/4.0 (compatible; MSIE 8.0; Windows NT 6.0; Trident/4.0; GTB6.5; SLCC1; .NET CLR 2.0.50727; Media Center PC 5.0; .NET CLR 3.5.30729; .NET CLR 3.0.30729)" "__utma=225644636.207638091.1261223314.1284740239.1284887040.22; __utmz=225644636.1284740239.21.1.utmcsr=(direct)|utmccn=(direct)|utmcmd=(none); __utmb=225644636.32.10.1284887040; __utmc=225644636; PHPSESSID=gleafr930kdf11t09ttac8bcf5"
82.159.89.114 - - [19/Sep/2010:12:24:47 +0200] "GET /images/otras_zonas.jpg HTTP/1.1" 304 133 "http://www.whitesandresorts.es/index.php" "Mozilla/4.0 (compatible; MSIE 8.0; Windows NT 6.0; Trident/4.0; GTB6.5; SLCC1; .NET CLR 2.0.50727; Media Center PC 5.0; .NET CLR 3.5.30729; .NET CLR 3.0.30729)" "__utma=225644636.207638091.1261223314.1284740239.1284887040.22; __utmz=225644636.1284740239.21.1.utmcsr=(direct)|utmccn=(direct)|utmcmd=(none); __utmb=225644636.32.10.1284887040; __utmc=225644636; PHPSESSID=gleafr930kdf11t09ttac8bcf5"
62.32.215.254 - - [19/Sep/2010:12:24:47 +0200] "GET /common/js/mootools.js HTTP/1.1" 304 132 "http://www.whitesandresorts.es/index.php" "Mozilla/4.0 (compatible; MSIE 8.0; Windows NT 6.1; Trident/4.0; SLCC2; .NET CLR 2.0.50727; .NET CLR 3.5.30729; .NET CLR 3.0.30729; HPNTDF)" "PHPSESSID=4qf2m5ihin3ac09jkp5cj3oj94; __utma=225644636.379675003.1284886841.1284886841.1284886841.1; __utmb=225644636.15.10.1284886841; __utmc=225644636; __utmz=225644636.1284886841.1.1.utmcsr=google|utmccn=(organic)|utmcmd=organic|utmctr=whitesandresorts"
62.32.215.254 - - [19/Sep/2010:12:24:47 +0200] "GET /scripts/imageMenu.js HTTP/1.1" 304 131 "http://www.whitesandresorts.es/index.php" "Mozilla/4.0 (compatible; MSIE 8.0; Windows NT 6.1; Trident/4.0; SLCC2; .NET CLR 2.0.50727; .NET CLR 3.5.30729; .NET CLR 3.0.30729; HPNTDF)" "PHPSESSID=4qf2m5ihin3ac09jkp5cj3oj94; __utma=225644636.379675003.1284886841.1284886841.1284886841.1; __utmb=225644636.15.10.1284886841; __utmc=225644636; __utmz=225644636.1284886841.1.1.utmcsr=google|utmccn=(organic)|utmcmd=organic|utmctr=whitesandresorts"
82.159.89.114 - - [19/Sep/2010:12:24:47 +0200] "GET /dibujar.php?file=admin/archivos/48_ZON.jpg&ancho=310&alto=300&cut=1&ac=122446 HTTP/1.1" 200 84739 "http://www.whitesandresorts.es/index.php" "Mozilla/4.0 (compatible; MSIE 8.0; Windows NT 6.0; Trident/4.0; GTB6.5; SLCC1; .NET CLR 2.0.50727; Media Center PC 5.0; .NET CLR 3.5.30729; .NET CLR 3.0.30729)" "__utma=225644636.207638091.1261223314.1284740239.1284887040.22; __utmz=225644636.1284740239.21.1.utmcsr=(direct)|utmccn=(direct)|utmcmd=(none); __utmb=225644636.32.10.1284887040; __utmc=225644636; PHPSESSID=gleafr930kdf11t09ttac8bcf5"
82.159.89.114 - - [19/Sep/2010:12:24:47 +0200] "GET /dibujar.php?file=admin/archivos/21_ZON.jpg&ancho=310&alto=300&cut=1&ac=122446 HTTP/1.1" 200 47762 "http://www.whitesandresorts.es/index.php" "Mozilla/4.0 (compatible; MSIE 8.0; Windows NT 6.0; Trident/4.0; GTB6.5; SLCC1; .NET CLR 2.0.50727; Media Center PC 5.0; .NET CLR 3.5.30729; .NET CLR 3.0.30729)" "__utma=225644636.207638091.1261223314.1284740239.1284887040.22; __utmz=225644636.1284740239.21.1.utmcsr=(direct)|utmccn=(direct)|utmcmd=(none); __utmb=225644636.32.10.1284887040; __utmc=225644636; PHPSESSID=gleafr930kdf11t09ttac8bcf5"
82.159.89.114 - - [19/Sep/2010:12:24:47 +0200] "GET /dibujar.php?file=admin/archivos/50_ZON.jpg&ancho=310&alto=300&cut=1&ac=122446 HTTP/1.1" 200 51615 "http://www.whitesandresorts.es/index.php" "Mozilla/4.0 (compatible; MSIE 8.0; Windows NT 6.0; Trident/4.0; GTB6.5; SLCC1; .NET CLR 2.0.50727; Media Center PC 5.0; .NET CLR 3.5.30729; .NET CLR 3.0.30729)" "__utma=225644636.207638091.1261223314.1284740239.1284887040.22; __utmz=225644636.1284740239.21.1.utmcsr=(direct)|utmccn=(direct)|utmcmd=(none); __utmb=225644636.32.10.1284887040; __utmc=225644636; PHPSESSID=gleafr930kdf11t09ttac8bcf5"
82.159.89.114 - - [19/Sep/2010:12:24:47 +0200] "GET /dibujar.php?file=admin/archivos/1_ZON.jpg&ancho=310&alto=300&cut=1&ac=122446 HTTP/1.1" 200 65297 "http://www.whitesandresorts.es/index.php" "Mozilla/4.0 (compatible; MSIE 8.0; Windows NT 6.0; Trident/4.0; GTB6.5; SLCC1; .NET CLR 2.0.50727; Media Center PC 5.0; .NET CLR 3.5.30729; .NET CLR 3.0.30729)" "__utma=225644636.207638091.1261223314.1284740239.1284887040.22; __utmz=225644636.1284740239.21.1.utmcsr=(direct)|utmccn=(direct)|utmcmd=(none); __utmb=225644636.32.10.1284887040; __utmc=225644636; PHPSESSID=gleafr930kdf11t09ttac8bcf5"
62.32.215.254 - - [19/Sep/2010:12:24:48 +0200] "GET /images/banner2.jpg HTTP/1.1" 304 133 "http://www.whitesandresorts.es/index.php" "Mozilla/4.0 (compatible; MSIE 8.0; Windows NT 6.1; Trident/4.0; SLCC2; .NET CLR 2.0.50727; .NET CLR 3.5.30729; .NET CLR 3.0.30729; HPNTDF)" "PHPSESSID=4qf2m5ihin3ac09jkp5cj3oj94; __utma=225644636.379675003.1284886841.1284886841.1284886841.1; __utmb=225644636.15.10.1284886841; __utmc=225644636; __utmz=225644636.1284886841.1.1.utmcsr=google|utmccn=(organic)|utmcmd=organic|utmctr=whitesandresorts"
62.32.215.254 - - [19/Sep/2010:12:24:48 +0200] "GET /images/turismo.jpg HTTP/1.1" 304 133 "http://www.whitesandresorts.es/index.php" "Mozilla/4.0 (compatible; MSIE 8.0; Windows NT 6.1; Trident/4.0; SLCC2; .NET CLR 2.0.50727; .NET CLR 3.5.30729; .NET CLR 3.0.30729; HPNTDF)" "PHPSESSID=4qf2m5ihin3ac09jkp5cj3oj94; __utma=225644636.379675003.1284886841.1284886841.1284886841.1; __utmb=225644636.15.10.1284886841; __utmc=225644636; __utmz=225644636.1284886841.1.1.utmcsr=google|utmccn=(organic)|utmcmd=organic|utmctr=whitesandresorts"
62.32.215.254 - - [19/Sep/2010:12:24:50 +0200] "GET /dibujar.php?file=admin/archivos/48_ZON.jpg&ancho=310&alto=300&cut=1&ac=122446 HTTP/1.1" 200 84739 "http://www.whitesandresorts.es/index.php" "Mozilla/4.0 (compatible; MSIE 8.0; Windows NT 6.1; Trident/4.0; SLCC2; .NET CLR 2.0.50727; .NET CLR 3.5.30729; .NET CLR 3.0.30729; HPNTDF)" "PHPSESSID=4qf2m5ihin3ac09jkp5cj3oj94; __utma=225644636.379675003.1284886841.1284886841.1284886841.1; __utmb=225644636.15.10.1284886841; __utmc=225644636; __utmz=225644636.1284886841.1.1.utmcsr=google|utmccn=(organic)|utmcmd=organic|utmctr=whitesandresorts"
62.32.215.254 - - [19/Sep/2010:12:24:50 +0200] "GET /dibujar.php?file=admin/archivos/21_ZON.jpg&ancho=310&alto=300&cut=1&ac=122446 HTTP/1.1" 200 47762 "http://www.whitesandresorts.es/index.php" "Mozilla/4.0 (compatible; MSIE 8.0; Windows NT 6.1; Trident/4.0; SLCC2; .NET CLR 2.0.50727; .NET CLR 3.5.30729; .NET CLR 3.0.30729; HPNTDF)" "PHPSESSID=4qf2m5ihin3ac09jkp5cj3oj94; __utma=225644636.379675003.1284886841.1284886841.1284886841.1; __utmb=225644636.15.10.1284886841; __utmc=225644636; __utmz=225644636.1284886841.1.1.utmcsr=google|utmccn=(organic)|utmcmd=organic|utmctr=whitesandresorts"
62.32.215.254 - - [19/Sep/2010:12:24:52 +0200] "GET /dibujar.php?file=admin/archivos/50_ZON.jpg&ancho=310&alto=300&cut=1&ac=122446 HTTP/1.1" 200 51615 "http://www.whitesandresorts.es/index.php" "Mozilla/4.0 (compatible; MSIE 8.0; Windows NT 6.1; Trident/4.0; SLCC2; .NET CLR 2.0.50727; .NET CLR 3.5.30729; .NET CLR 3.0.30729; HPNTDF)" "PHPSESSID=4qf2m5ihin3ac09jkp5cj3oj94; __utma=225644636.379675003.1284886841.1284886841.1284886841.1; __utmb=225644636.15.10.1284886841; __utmc=225644636; __utmz=225644636.1284886841.1.1.utmcsr=google|utmccn=(organic)|utmcmd=organic|utmctr=whitesandresorts"
82.159.89.114 - - [19/Sep/2010:12:24:52 +0200] "GET /quienes.php HTTP/1.1" 200 9872 "http://www.whitesandresorts.es/index.php" "Mozilla/4.0 (compatible; MSIE 8.0; Windows NT 6.0; Trident/4.0; GTB6.5; SLCC1; .NET CLR 2.0.50727; Media Center PC 5.0; .NET CLR 3.5.30729; .NET CLR 3.0.30729)" "__utma=225644636.207638091.1261223314.1284740239.1284887040.22; __utmz=225644636.1284740239.21.1.utmcsr=(direct)|utmccn=(direct)|utmcmd=(none); __utmb=225644636.33.10.1284887040; __utmc=225644636; PHPSESSID=gleafr930kdf11t09ttac8bcf5"
62.32.215.254 - - [19/Sep/2010:12:24:55 +0200] "GET /images/otras_zonas.jpg HTTP/1.1" 304 133 "http://www.whitesandresorts.es/index.php" "Mozilla/4.0 (compatible; MSIE 8.0; Windows NT 6.1; Trident/4.0; SLCC2; .NET CLR 2.0.50727; .NET CLR 3.5.30729; .NET CLR 3.0.30729; HPNTDF)" "PHPSESSID=4qf2m5ihin3ac09jkp5cj3oj94; __utma=225644636.379675003.1284886841.1284886841.1284886841.1; __utmb=225644636.15.10.1284886841; __utmc=225644636; __utmz=225644636.1284886841.1.1.utmcsr=google|utmccn=(organic)|utmcmd=organic|utmctr=whitesandresorts"
62.32.215.254 - - [19/Sep/2010:12:24:54 +0200] "GET /dibujar.php?file=admin/archivos/1_ZON.jpg&ancho=310&alto=300&cut=1&ac=122446 HTTP/1.1" 200 65297 "http://www.whitesandresorts.es/index.php" "Mozilla/4.0 (compatible; MSIE 8.0; Windows NT 6.1; Trident/4.0; SLCC2; .NET CLR 2.0.50727; .NET CLR 3.5.30729; .NET CLR 3.0.30729; HPNTDF)" "PHPSESSID=4qf2m5ihin3ac09jkp5cj3oj94; __utma=225644636.379675003.1284886841.1284886841.1284886841.1; __utmb=225644636.15.10.1284886841; __utmc=225644636; __utmz=225644636.1284886841.1.1.utmcsr=google|utmccn=(organic)|utmcmd=organic|utmctr=whitesandresorts"
82.159.89.114 - - [19/Sep/2010:12:25:00 +0200] "GET /index.php HTTP/1.1" 200 4059 "http://www.whitesandresorts.es/Oliva-Nova?s=3" "Mozilla/4.0 (compatible; MSIE 8.0; Windows NT 6.0; Trident/4.0; GTB6.5; SLCC1; .NET CLR 2.0.50727; Media Center PC 5.0; .NET CLR 3.5.30729; .NET CLR 3.0.30729)" "__utma=225644636.207638091.1261223314.1284740239.1284887040.22; __utmz=225644636.1284740239.21.1.utmcsr=(direct)|utmccn=(direct)|utmcmd=(none); __utmb=225644636.33.10.1284887040; __utmc=225644636; PHPSESSID=gleafr930kdf11t09ttac8bcf5"
82.159.89.114 - - [19/Sep/2010:12:25:00 +0200] "GET /dibujar.php?file=admin/archivos/48_ZON.jpg&ancho=310&alto=300&cut=1&ac=122500 HTTP/1.1" 200 84739 "http://www.whitesandresorts.es/index.php" "Mozilla/4.0 (compatible; MSIE 8.0; Windows NT 6.0; Trident/4.0; GTB6.5; SLCC1; .NET CLR 2.0.50727; Media Center PC 5.0; .NET CLR 3.5.30729; .NET CLR 3.0.30729)" "__utma=225644636.207638091.1261223314.1284740239.1284887040.22; __utmz=225644636.1284740239.21.1.utmcsr=(direct)|utmccn=(direct)|utmcmd=(none); __utmb=225644636.33.10.1284887040; __utmc=225644636; PHPSESSID=gleafr930kdf11t09ttac8bcf5"
82.159.89.114 - - [19/Sep/2010:12:25:00 +0200] "GET /dibujar.php?file=admin/archivos/21_ZON.jpg&ancho=310&alto=300&cut=1&ac=122500 HTTP/1.1" 200 47762 "http://www.whitesandresorts.es/index.php" "Mozilla/4.0 (compatible; MSIE 8.0; Windows NT 6.0; Trident/4.0; GTB6.5; SLCC1; .NET CLR 2.0.50727; Media Center PC 5.0; .NET CLR 3.5.30729; .NET CLR 3.0.30729)" "__utma=225644636.207638091.1261223314.1284740239.1284887040.22; __utmz=225644636.1284740239.21.1.utmcsr=(direct)|utmccn=(direct)|utmcmd=(none); __utmb=225644636.33.10.1284887040; __utmc=225644636; PHPSESSID=gleafr930kdf11t09ttac8bcf5"
82.159.89.114 - - [19/Sep/2010:12:25:00 +0200] "GET /dibujar.php?file=admin/archivos/50_ZON.jpg&ancho=310&alto=300&cut=1&ac=122500 HTTP/1.1" 200 51615 "http://www.whitesandresorts.es/index.php" "Mozilla/4.0 (compatible; MSIE 8.0; Windows NT 6.0; Trident/4.0; GTB6.5; SLCC1; .NET CLR 2.0.50727; Media Center PC 5.0; .NET CLR 3.5.30729; .NET CLR 3.0.30729)" "__utma=225644636.207638091.1261223314.1284740239.1284887040.22; __utmz=225644636.1284740239.21.1.utmcsr=(direct)|utmccn=(direct)|utmcmd=(none); __utmb=225644636.33.10.1284887040; __utmc=225644636; PHPSESSID=gleafr930kdf11t09ttac8bcf5"
82.159.89.114 - - [19/Sep/2010:12:25:00 +0200] "GET /dibujar.php?file=admin/archivos/1_ZON.jpg&ancho=310&alto=300&cut=1&ac=122500 HTTP/1.1" 200 65297 "http://www.whitesandresorts.es/index.php" "Mozilla/4.0 (compatible; MSIE 8.0; Windows NT 6.0; Trident/4.0; GTB6.5; SLCC1; .NET CLR 2.0.50727; Media Center PC 5.0; .NET CLR 3.5.30729; .NET CLR 3.0.30729)" "__utma=225644636.207638091.1261223314.1284740239.1284887040.22; __utmz=225644636.1284740239.21.1.utmcsr=(direct)|utmccn=(direct)|utmcmd=(none); __utmb=225644636.33.10.1284887040; __utmc=225644636; PHPSESSID=gleafr930kdf11t09ttac8bcf5"
82.159.89.114 - - [19/Sep/2010:12:46:00 +0200] "GET /modulos.php?zon=21 HTTP/1.1" 200 3385 "-" "Mozilla/4.0 (compatible; MSIE 8.0; Windows NT 6.0; Trident/4.0; GTB6.5; SLCC1; .NET CLR 2.0.50727; Media Center PC 5.0; .NET CLR 3.5.30729; .NET CLR 3.0.30729)" "__utma=225644636.207638091.1261223314.1284740239.1284887040.22; __utmz=225644636.1284740239.21.1.utmcsr=(direct)|utmccn=(direct)|utmcmd=(none); __utmb=225644636.34.10.1284887040; __utmc=225644636; PHPSESSID=gleafr930kdf11t09ttac8bcf5"
82.159.89.114 - - [19/Sep/2010:12:46:03 +0200] "GET /dibujar.php?file=admin/archivos/115_DTO_portada_el_bosque1.jpg&ancho=460&alto=450&cut=1 HTTP/1.1" 200 155921 "http://www.whitesandresorts.es/modulos.php?zon=21" "Mozilla/4.0 (compatible; MSIE 8.0; Windows NT 6.0; Trident/4.0; GTB6.5; SLCC1; .NET CLR 2.0.50727; Media Center PC 5.0; .NET CLR 3.5.30729; .NET CLR 3.0.30729)" "__utma=225644636.207638091.1261223314.1284740239.1284887040.22; __utmz=225644636.1284740239.21.1.utmcsr=(direct)|utmccn=(direct)|utmcmd=(none); __utmb=225644636.34.10.1284887040; __utmc=225644636; PHPSESSID=gleafr930kdf11t09ttac8bcf5"
82.159.89.114 - - [19/Sep/2010:12:46:03 +0200] "GET /dibujar.php?file=admin/archivos/101_DTO_portada-puntaprima1.jpg&ancho=460&alto=450&cut=1 HTTP/1.1" 200 185048 "http://www.whitesandresorts.es/modulos.php?zon=21" "Mozilla/4.0 (compatible; MSIE 8.0; Windows NT 6.0; Trident/4.0; GTB6.5; SLCC1; .NET CLR 2.0.50727; Media Center PC 5.0; .NET CLR 3.5.30729; .NET CLR 3.0.30729)" "__utma=225644636.207638091.1261223314.1284740239.1284887040.22; __utmz=225644636.1284740239.21.1.utmcsr=(direct)|utmccn=(direct)|utmcmd=(none); __utmb=225644636.34.10.1284887040; __utmc=225644636; PHPSESSID=gleafr930kdf11t09ttac8bcf5"
82.159.89.114 - - [19/Sep/2010:12:46:05 +0200] "GET /El-Bosque HTTP/1.1" 200 10665 "-" "Mozilla/4.0 (compatible; MSIE 8.0; Windows NT 6.0; Trident/4.0; GTB6.5; SLCC1; .NET CLR 2.0.50727; Media Center PC 5.0; .NET CLR 3.5.30729; .NET CLR 3.0.30729)" "__utma=225644636.207638091.1261223314.1284740239.1284887040.22; __utmz=225644636.1284740239.21.1.utmcsr=(direct)|utmccn=(direct)|utmcmd=(none); __utmb=225644636.34.10.1284887040; __utmc=225644636; PHPSESSID=gleafr930kdf11t09ttac8bcf5"
82.159.89.114 - - [19/Sep/2010:12:46:06 +0200] "GET /SpryAssets/SpryTabbedPanels.css HTTP/1.1" 304 132 "http://www.whitesandresorts.es/El-Bosque" "Mozilla/4.0 (compatible; MSIE 8.0; Windows NT 6.0; Trident/4.0; GTB6.5; SLCC1; .NET CLR 2.0.50727; Media Center PC 5.0; .NET CLR 3.5.30729; .NET CLR 3.0.30729)" "__utma=225644636.207638091.1261223314.1284740239.1284887040.22; __utmz=225644636.1284740239.21.1.utmcsr=(direct)|utmccn=(direct)|utmcmd=(none); __utmb=225644636.34.10.1284887040; __utmc=225644636; PHPSESSID=gleafr930kdf11t09ttac8bcf5"
82.159.89.114 - - [19/Sep/2010:12:46:06 +0200] "GET /SpryAssets/SpryTabbedPanels.js HTTP/1.1" 304 132 "http://www.whitesandresorts.es/El-Bosque" "Mozilla/4.0 (compatible; MSIE 8.0; Windows NT 6.0; Trident/4.0; GTB6.5; SLCC1; .NET CLR 2.0.50727; Media Center PC 5.0; .NET CLR 3.5.30729; .NET CLR 3.0.30729)" "__utma=225644636.207638091.1261223314.1284740239.1284887040.22; __utmz=225644636.1284740239.21.1.utmcsr=(direct)|utmccn=(direct)|utmcmd=(none); __utmb=225644636.34.10.1284887040; __utmc=225644636; PHPSESSID=gleafr930kdf11t09ttac8bcf5"
82.159.89.114 - - [19/Sep/2010:12:46:06 +0200] "GET /images/flecha_izq_ap.jpg HTTP/1.1" 304 132 "http://www.whitesandresorts.es/El-Bosque" "Mozilla/4.0 (compatible; MSIE 8.0; Windows NT 6.0; Trident/4.0; GTB6.5; SLCC1; .NET CLR 2.0.50727; Media Center PC 5.0; .NET CLR 3.5.30729; .NET CLR 3.0.30729)" "__utma=225644636.207638091.1261223314.1284740239.1284887040.22; __utmz=225644636.1284740239.21.1.utmcsr=(direct)|utmccn=(direct)|utmcmd=(none); __utmb=225644636.34.10.1284887040; __utmc=225644636; PHPSESSID=gleafr930kdf11t09ttac8bcf5"
82.159.89.114 - - [19/Sep/2010:12:46:06 +0200] "GET /dibujar.php?file=admin/archivos/115_DTO_p1010111_-_copia.jpg&ancho=65&alto=49&cut=1 HTTP/1.1" 200 4661 "http://www.whitesandresorts.es/El-Bosque" "Mozilla/4.0 (compatible; MSIE 8.0; Windows NT 6.0; Trident/4.0; GTB6.5; SLCC1; .NET CLR 2.0.50727; Media Center PC 5.0; .NET CLR 3.5.30729; .NET CLR 3.0.30729)" "__utma=225644636.207638091.1261223314.1284740239.1284887040.22; __utmz=225644636.1284740239.21.1.utmcsr=(direct)|utmccn=(direct)|utmcmd=(none); __utmb=225644636.34.10.1284887040; __utmc=225644636; PHPSESSID=gleafr930kdf11t09ttac8bcf5"
82.159.89.114 - - [19/Sep/2010:12:46:06 +0200] "GET /dibujar.php?file=admin/archivos/115_DTO_portada_el_bosque1.jpg&ancho=560&alto=400&cut=1 HTTP/1.1" 200 150385 "http://www.whitesandresorts.es/El-Bosque" "Mozilla/4.0 (compatible; MSIE 8.0; Windows NT 6.0; Trident/4.0; GTB6.5; SLCC1; .NET CLR 2.0.50727; Media Center PC 5.0; .NET CLR 3.5.30729; .NET CLR 3.0.30729)" "__utma=225644636.207638091.1261223314.1284740239.1284887040.22; __utmz=225644636.1284740239.21.1.utmcsr=(direct)|utmccn=(direct)|utmcmd=(none); __utmb=225644636.34.10.1284887040; __utmc=225644636; PHPSESSID=gleafr930kdf11t09ttac8bcf5"
82.159.89.114 - - [19/Sep/2010:12:46:06 +0200] "GET /dibujar.php?file=admin/archivos/115_DTO_1097_1097_9884418886_p_foto1.jpg&ancho=65&alto=49&cut=1 HTTP/1.1" 200 5383 "http://www.whitesandresorts.es/El-Bosque" "Mozilla/4.0 (compatible; MSIE 8.0; Windows NT 6.0; Trident/4.0; GTB6.5; SLCC1; .NET CLR 2.0.50727; Media Center PC 5.0; .NET CLR 3.5.30729; .NET CLR 3.0.30729)" "__utma=225644636.207638091.1261223314.1284740239.1284887040.22; __utmz=225644636.1284740239.21.1.utmcsr=(direct)|utmccn=(direct)|utmcmd=(none); __utmb=225644636.34.10.1284887040; __utmc=225644636; PHPSESSID=gleafr930kdf11t09ttac8bcf5"
82.159.89.114 - - [19/Sep/2010:12:46:06 +0200] "GET /dibujar.php?file=admin/archivos/115_DTO_p1010111.jpg&ancho=65&alto=49&cut=1 HTTP/1.1" 200 4966 "http://www.whitesandresorts.es/El-Bosque" "Mozilla/4.0 (compatible; MSIE 8.0; Windows NT 6.0; Trident/4.0; GTB6.5; SLCC1; .NET CLR 2.0.50727; Media Center PC 5.0; .NET CLR 3.5.30729; .NET CLR 3.0.30729)" "__utma=225644636.207638091.1261223314.1284740239.1284887040.22; __utmz=225644636.1284740239.21.1.utmcsr=(direct)|utmccn=(direct)|utmcmd=(none); __utmb=225644636.34.10.1284887040; __utmc=225644636; PHPSESSID=gleafr930kdf11t09ttac8bcf5"
82.159.89.114 - - [19/Sep/2010:12:46:06 +0200] "GET /dibujar.php?file=admin/archivos/115_DTO_02_el_bosque_terraza.jpg&ancho=65&alto=49&cut=1 HTTP/1.1" 200 5179 "http://www.whitesandresorts.es/El-Bosque" "Mozilla/4.0 (compatible; MSIE 8.0; Windows NT 6.0; Trident/4.0; GTB6.5; SLCC1; .NET CLR 2.0.50727; Media Center PC 5.0; .NET CLR 3.5.30729; .NET CLR 3.0.30729)" "__utma=225644636.207638091.1261223314.1284740239.1284887040.22; __utmz=225644636.1284740239.21.1.utmcsr=(direct)|utmccn=(direct)|utmcmd=(none); __utmb=225644636.34.10.1284887040; __utmc=225644636; PHPSESSID=gleafr930kdf11t09ttac8bcf5"
82.159.89.114 - - [19/Sep/2010:12:46:06 +0200] "GET /dibujar.php?file=admin/archivos/115_DTO_pr2_-_copia.jpg&ancho=65&alto=49&cut=1 HTTP/1.1" 200 5373 "http://www.whitesandresorts.es/El-Bosque" "Mozilla/4.0 (compatible; MSIE 8.0; Windows NT 6.0; Trident/4.0; GTB6.5; SLCC1; .NET CLR 2.0.50727; Media Center PC 5.0; .NET CLR 3.5.30729; .NET CLR 3.0.30729)" "__utma=225644636.207638091.1261223314.1284740239.1284887040.22; __utmz=225644636.1284740239.21.1.utmcsr=(direct)|utmccn=(direct)|utmcmd=(none); __utmb=225644636.34.10.1284887040; __utmc=225644636; PHPSESSID=gleafr930kdf11t09ttac8bcf5"
82.159.89.114 - - [19/Sep/2010:12:46:06 +0200] "GET /dibujar.php?file=admin/archivos/115_DTO_portada_el_bosque1.jpg&ancho=65&alto=49&cut=1 HTTP/1.1" 200 5548 "http://www.whitesandresorts.es/El-Bosque" "Mozilla/4.0 (compatible; MSIE 8.0; Windows NT 6.0; Trident/4.0; GTB6.5; SLCC1; .NET CLR 2.0.50727; Media Center PC 5.0; .NET CLR 3.5.30729; .NET CLR 3.0.30729)" "__utma=225644636.207638091.1261223314.1284740239.1284887040.22; __utmz=225644636.1284740239.21.1.utmcsr=(direct)|utmccn=(direct)|utmcmd=(none); __utmb=225644636.34.10.1284887040; __utmc=225644636; PHPSESSID=gleafr930kdf11t09ttac8bcf5"
82.159.89.114 - - [19/Sep/2010:12:46:06 +0200] "GET /images/flecha_der_ap.jpg HTTP/1.1" 304 132 "http://www.whitesandresorts.es/El-Bosque" "Mozilla/4.0 (compatible; MSIE 8.0; Windows NT 6.0; Trident/4.0; GTB6.5; SLCC1; .NET CLR 2.0.50727; Media Center PC 5.0; .NET CLR 3.5.30729; .NET CLR 3.0.30729)" "__utma=225644636.207638091.1261223314.1284740239.1284887040.22; __utmz=225644636.1284740239.21.1.utmcsr=(direct)|utmccn=(direct)|utmcmd=(none); __utmb=225644636.34.10.1284887040; __utmc=225644636; PHPSESSID=gleafr930kdf11t09ttac8bcf5"
82.159.89.114 - - [19/Sep/2010:12:46:06 +0200] "GET /images/bgPASTILLA.png HTTP/1.1" 304 131 "http://www.whitesandresorts.es/El-Bosque" "Mozilla/4.0 (compatible; MSIE 8.0; Windows NT 6.0; Trident/4.0; GTB6.5; SLCC1; .NET CLR 2.0.50727; Media Center PC 5.0; .NET CLR 3.5.30729; .NET CLR 3.0.30729)" "__utma=225644636.207638091.1261223314.1284740239.1284887040.22; __utmz=225644636.1284740239.21.1.utmcsr=(direct)|utmccn=(direct)|utmcmd=(none); __utmb=225644636.34.10.1284887040; __utmc=225644636; PHPSESSID=gleafr930kdf11t09ttac8bcf5"
82.159.89.114 - - [19/Sep/2010:12:46:06 +0200] "GET /images/cargando.gif HTTP/1.1" 304 131 "http://www.whitesandresorts.es/El-Bosque" "Mozilla/4.0 (compatible; MSIE 8.0; Windows NT 6.0; Trident/4.0; GTB6.5; SLCC1; .NET CLR 2.0.50727; Media Center PC 5.0; .NET CLR 3.5.30729; .NET CLR 3.0.30729)" "__utma=225644636.207638091.1261223314.1284740239.1284887040.22; __utmz=225644636.1284740239.21.1.utmcsr=(direct)|utmccn=(direct)|utmcmd=(none); __utmb=225644636.34.10.1284887040; __utmc=225644636; PHPSESSID=gleafr930kdf11t09ttac8bcf5"
82.159.89.114 - - [19/Sep/2010:12:46:06 +0200] "GET /dibujar.php?file=admin/archivos/115_DTO_01_el_bosque_piscina.jpg&ancho=65&alto=49&cut=1 HTTP/1.1" 200 4882 "http://www.whitesandresorts.es/El-Bosque" "Mozilla/4.0 (compatible; MSIE 8.0; Windows NT 6.0; Trident/4.0; GTB6.5; SLCC1; .NET CLR 2.0.50727; Media Center PC 5.0; .NET CLR 3.5.30729; .NET CLR 3.0.30729)" "__utma=225644636.207638091.1261223314.1284740239.1284887040.22; __utmz=225644636.1284740239.21.1.utmcsr=(direct)|utmccn=(direct)|utmcmd=(none); __utmb=225644636.34.10.1284887040; __utmc=225644636; PHPSESSID=gleafr930kdf11t09ttac8bcf5"
82.159.89.114 - - [19/Sep/2010:12:46:13 +0200] "GET /modulos.php?zon=21 HTTP/1.1" 200 3385 "-" "Mozilla/4.0 (compatible; MSIE 8.0; Windows NT 6.0; Trident/4.0; GTB6.5; SLCC1; .NET CLR 2.0.50727; Media Center PC 5.0; .NET CLR 3.5.30729; .NET CLR 3.0.30729)" "__utma=225644636.207638091.1261223314.1284740239.1284887040.22; __utmz=225644636.1284740239.21.1.utmcsr=(direct)|utmccn=(direct)|utmcmd=(none); __utmb=225644636.34.10.1284887040; __utmc=225644636; PHPSESSID=gleafr930kdf11t09ttac8bcf5"
82.159.89.114 - - [19/Sep/2010:12:46:14 +0200] "GET /index.php HTTP/1.1" 200 4059 "http://www.whitesandresorts.es/Oliva-Nova?s=3" "Mozilla/4.0 (compatible; MSIE 8.0; Windows NT 6.0; Trident/4.0; GTB6.5; SLCC1; .NET CLR 2.0.50727; Media Center PC 5.0; .NET CLR 3.5.30729; .NET CLR 3.0.30729)" "__utma=225644636.207638091.1261223314.1284740239.1284887040.22; __utmz=225644636.1284740239.21.1.utmcsr=(direct)|utmccn=(direct)|utmcmd=(none); __utmb=225644636.34.10.1284887040; __utmc=225644636; PHPSESSID=gleafr930kdf11t09ttac8bcf5"
82.159.89.114 - - [19/Sep/2010:12:46:14 +0200] "GET /dibujar.php?file=admin/archivos/21_ZON.jpg&ancho=310&alto=300&cut=1&ac=124614 HTTP/1.1" 200 47762 "http://www.whitesandresorts.es/index.php" "Mozilla/4.0 (compatible; MSIE 8.0; Windows NT 6.0; Trident/4.0; GTB6.5; SLCC1; .NET CLR 2.0.50727; Media Center PC 5.0; .NET CLR 3.5.30729; .NET CLR 3.0.30729)" "__utma=225644636.207638091.1261223314.1284740239.1284887040.22; __utmz=225644636.1284740239.21.1.utmcsr=(direct)|utmccn=(direct)|utmcmd=(none); __utmb=225644636.34.10.1284887040; __utmc=225644636; PHPSESSID=gleafr930kdf11t09ttac8bcf5"
82.159.89.114 - - [19/Sep/2010:12:46:14 +0200] "GET /dibujar.php?file=admin/archivos/50_ZON.jpg&ancho=310&alto=300&cut=1&ac=124614 HTTP/1.1" 200 51615 "http://www.whitesandresorts.es/index.php" "Mozilla/4.0 (compatible; MSIE 8.0; Windows NT 6.0; Trident/4.0; GTB6.5; SLCC1; .NET CLR 2.0.50727; Media Center PC 5.0; .NET CLR 3.5.30729; .NET CLR 3.0.30729)" "__utma=225644636.207638091.1261223314.1284740239.1284887040.22; __utmz=225644636.1284740239.21.1.utmcsr=(direct)|utmccn=(direct)|utmcmd=(none); __utmb=225644636.34.10.1284887040; __utmc=225644636; PHPSESSID=gleafr930kdf11t09ttac8bcf5"
82.159.89.114 - - [19/Sep/2010:12:46:14 +0200] "GET /dibujar.php?file=admin/archivos/1_ZON.jpg&ancho=310&alto=300&cut=1&ac=124614 HTTP/1.1" 200 65297 "http://www.whitesandresorts.es/index.php" "Mozilla/4.0 (compatible; MSIE 8.0; Windows NT 6.0; Trident/4.0; GTB6.5; SLCC1; .NET CLR 2.0.50727; Media Center PC 5.0; .NET CLR 3.5.30729; .NET CLR 3.0.30729)" "__utma=225644636.207638091.1261223314.1284740239.1284887040.22; __utmz=225644636.1284740239.21.1.utmcsr=(direct)|utmccn=(direct)|utmcmd=(none); __utmb=225644636.34.10.1284887040; __utmc=225644636; PHPSESSID=gleafr930kdf11t09ttac8bcf5"
82.159.89.114 - - [19/Sep/2010:12:46:15 +0200] "GET /dibujar.php?file=admin/archivos/48_ZON.jpg&ancho=310&alto=300&cut=1&ac=124614 HTTP/1.1" 200 84739 "http://www.whitesandresorts.es/index.php" "Mozilla/4.0 (compatible; MSIE 8.0; Windows NT 6.0; Trident/4.0; GTB6.5; SLCC1; .NET CLR 2.0.50727; Media Center PC 5.0; .NET CLR 3.5.30729; .NET CLR 3.0.30729)" "__utma=225644636.207638091.1261223314.1284740239.1284887040.22; __utmz=225644636.1284740239.21.1.utmcsr=(direct)|utmccn=(direct)|utmcmd=(none); __utmb=225644636.34.10.1284887040; __utmc=225644636; PHPSESSID=gleafr930kdf11t09ttac8bcf5"
62.32.215.254 - - [19/Sep/2010:12:52:46 +0200] "GET /modulos.php?zon=21 HTTP/1.1" 200 3385 "-" "Mozilla/4.0 (compatible; MSIE 8.0; Windows NT 6.1; Trident/4.0; SLCC2; .NET CLR 2.0.50727; .NET CLR 3.5.30729; .NET CLR 3.0.30729; HPNTDF)" "PHPSESSID=4qf2m5ihin3ac09jkp5cj3oj94; __utma=225644636.379675003.1284886841.1284886841.1284886841.1; __utmb=225644636.16.10.1284886841; __utmc=225644636; __utmz=225644636.1284886841.1.1.utmcsr=google|utmccn=(organic)|utmcmd=organic|utmctr=whitesandresorts"
82.159.89.114 - - [19/Sep/2010:12:52:47 +0200] "GET /modulos.php?zon=21 HTTP/1.1" 200 3385 "-" "Mozilla/4.0 (compatible; MSIE 8.0; Windows NT 6.0; Trident/4.0; GTB6.5; SLCC1; .NET CLR 2.0.50727; Media Center PC 5.0; .NET CLR 3.5.30729; .NET CLR 3.0.30729)" "__utma=225644636.207638091.1261223314.1284740239.1284887040.22; __utmz=225644636.1284740239.21.1.utmcsr=(direct)|utmccn=(direct)|utmcmd=(none); __utmb=225644636.35.10.1284887040; __utmc=225644636; PHPSESSID=gleafr930kdf11t09ttac8bcf5"
62.32.215.254 - - [19/Sep/2010:12:52:50 +0200] "GET /dibujar.php?file=admin/archivos/115_DTO_portada_el_bosque1.jpg&ancho=460&alto=450&cut=1 HTTP/1.1" 200 129305 "http://www.whitesandresorts.es/modulos.php?zon=21" "Mozilla/4.0 (compatible; MSIE 8.0; Windows NT 6.1; Trident/4.0; SLCC2; .NET CLR 2.0.50727; .NET CLR 3.5.30729; .NET CLR 3.0.30729; HPNTDF)" "PHPSESSID=4qf2m5ihin3ac09jkp5cj3oj94; __utma=225644636.379675003.1284886841.1284886841.1284886841.1; __utmb=225644636.16.10.1284886841; __utmc=225644636; __utmz=225644636.1284886841.1.1.utmcsr=google|utmccn=(organic)|utmcmd=organic|utmctr=whitesandresorts"
62.32.215.254 - - [19/Sep/2010:12:52:51 +0200] "GET /dibujar.php?file=admin/archivos/101_DTO_portada-puntaprima1.jpg&ancho=460&alto=450&cut=1 HTTP/1.1" 200 0 "http://www.whitesandresorts.es/modulos.php?zon=21" "Mozilla/4.0 (compatible; MSIE 8.0; Windows NT 6.1; Trident/4.0; SLCC2; .NET CLR 2.0.50727; .NET CLR 3.5.30729; .NET CLR 3.0.30729; HPNTDF)" "PHPSESSID=4qf2m5ihin3ac09jkp5cj3oj94; __utma=225644636.379675003.1284886841.1284886841.1284886841.1; __utmb=225644636.16.10.1284886841; __utmc=225644636; __utmz=225644636.1284886841.1.1.utmcsr=google|utmccn=(organic)|utmcmd=organic|utmctr=whitesandresorts"
62.32.215.254 - - [19/Sep/2010:12:52:54 +0200] "GET /El-Bosque HTTP/1.1" 200 10665 "-" "Mozilla/4.0 (compatible; MSIE 8.0; Windows NT 6.1; Trident/4.0; SLCC2; .NET CLR 2.0.50727; .NET CLR 3.5.30729; .NET CLR 3.0.30729; HPNTDF)" "PHPSESSID=4qf2m5ihin3ac09jkp5cj3oj94; __utma=225644636.379675003.1284886841.1284886841.1284886841.1; __utmb=225644636.16.10.1284886841; __utmc=225644636; __utmz=225644636.1284886841.1.1.utmcsr=google|utmccn=(organic)|utmcmd=organic|utmctr=whitesandresorts"
62.32.215.254 - - [19/Sep/2010:12:52:55 +0200] "GET /SpryAssets/SpryTabbedPanels.css HTTP/1.1" 304 132 "http://www.whitesandresorts.es/El-Bosque" "Mozilla/4.0 (compatible; MSIE 8.0; Windows NT 6.1; Trident/4.0; SLCC2; .NET CLR 2.0.50727; .NET CLR 3.5.30729; .NET CLR 3.0.30729; HPNTDF)" "PHPSESSID=4qf2m5ihin3ac09jkp5cj3oj94; __utma=225644636.379675003.1284886841.1284886841.1284886841.1; __utmb=225644636.16.10.1284886841; __utmc=225644636; __utmz=225644636.1284886841.1.1.utmcsr=google|utmccn=(organic)|utmcmd=organic|utmctr=whitesandresorts"
62.32.215.254 - - [19/Sep/2010:12:52:55 +0200] "GET /SpryAssets/SpryTabbedPanels.js HTTP/1.1" 304 132 "http://www.whitesandresorts.es/El-Bosque" "Mozilla/4.0 (compatible; MSIE 8.0; Windows NT 6.1; Trident/4.0; SLCC2; .NET CLR 2.0.50727; .NET CLR 3.5.30729; .NET CLR 3.0.30729; HPNTDF)" "PHPSESSID=4qf2m5ihin3ac09jkp5cj3oj94; __utma=225644636.379675003.1284886841.1284886841.1284886841.1; __utmb=225644636.16.10.1284886841; __utmc=225644636; __utmz=225644636.1284886841.1.1.utmcsr=google|utmccn=(organic)|utmcmd=organic|utmctr=whitesandresorts"
62.32.215.254 - - [19/Sep/2010:12:52:55 +0200] "GET /images/flecha_izq_ap.jpg HTTP/1.1" 304 132 "http://www.whitesandresorts.es/El-Bosque" "Mozilla/4.0 (compatible; MSIE 8.0; Windows NT 6.1; Trident/4.0; SLCC2; .NET CLR 2.0.50727; .NET CLR 3.5.30729; .NET CLR 3.0.30729; HPNTDF)" "PHPSESSID=4qf2m5ihin3ac09jkp5cj3oj94; __utma=225644636.379675003.1284886841.1284886841.1284886841.1; __utmb=225644636.16.10.1284886841; __utmc=225644636; __utmz=225644636.1284886841.1.1.utmcsr=google|utmccn=(organic)|utmcmd=organic|utmctr=whitesandresorts"
62.32.215.254 - - [19/Sep/2010:12:52:55 +0200] "GET /dibujar.php?file=admin/archivos/115_DTO_portada_el_bosque1.jpg&ancho=65&alto=49&cut=1 HTTP/1.1" 200 5548 "http://www.whitesandresorts.es/El-Bosque" "Mozilla/4.0 (compatible; MSIE 8.0; Windows NT 6.1; Trident/4.0; SLCC2; .NET CLR 2.0.50727; .NET CLR 3.5.30729; .NET CLR 3.0.30729; HPNTDF)" "PHPSESSID=4qf2m5ihin3ac09jkp5cj3oj94; __utma=225644636.379675003.1284886841.1284886841.1284886841.1; __utmb=225644636.16.10.1284886841; __utmc=225644636; __utmz=225644636.1284886841.1.1.utmcsr=google|utmccn=(organic)|utmcmd=organic|utmctr=whitesandresorts"
82.159.89.114 - - [19/Sep/2010:12:52:55 +0200] "GET /El-Bosque HTTP/1.1" 200 10665 "-" "Mozilla/4.0 (compatible; MSIE 8.0; Windows NT 6.0; Trident/4.0; GTB6.5; SLCC1; .NET CLR 2.0.50727; Media Center PC 5.0; .NET CLR 3.5.30729; .NET CLR 3.0.30729)" "__utma=225644636.207638091.1261223314.1284740239.1284887040.22; __utmz=225644636.1284740239.21.1.utmcsr=(direct)|utmccn=(direct)|utmcmd=(none); __utmb=225644636.35.10.1284887040; __utmc=225644636; PHPSESSID=gleafr930kdf11t09ttac8bcf5"
62.32.215.254 - - [19/Sep/2010:12:52:56 +0200] "GET /dibujar.php?file=admin/archivos/115_DTO_p1010111_-_copia.jpg&ancho=65&alto=49&cut=1 HTTP/1.1" 200 4661 "http://www.whitesandresorts.es/El-Bosque" "Mozilla/4.0 (compatible; MSIE 8.0; Windows NT 6.1; Trident/4.0; SLCC2; .NET CLR 2.0.50727; .NET CLR 3.5.30729; .NET CLR 3.0.30729; HPNTDF)" "PHPSESSID=4qf2m5ihin3ac09jkp5cj3oj94; __utma=225644636.379675003.1284886841.1284886841.1284886841.1; __utmb=225644636.16.10.1284886841; __utmc=225644636; __utmz=225644636.1284886841.1.1.utmcsr=google|utmccn=(organic)|utmcmd=organic|utmctr=whitesandresorts"
62.32.215.254 - - [19/Sep/2010:12:52:56 +0200] "GET /dibujar.php?file=admin/archivos/115_DTO_1097_1097_9884418886_p_foto1.jpg&ancho=65&alto=49&cut=1 HTTP/1.1" 200 5383 "http://www.whitesandresorts.es/El-Bosque" "Mozilla/4.0 (compatible; MSIE 8.0; Windows NT 6.1; Trident/4.0; SLCC2; .NET CLR 2.0.50727; .NET CLR 3.5.30729; .NET CLR 3.0.30729; HPNTDF)" "PHPSESSID=4qf2m5ihin3ac09jkp5cj3oj94; __utma=225644636.379675003.1284886841.1284886841.1284886841.1; __utmb=225644636.16.10.1284886841; __utmc=225644636; __utmz=225644636.1284886841.1.1.utmcsr=google|utmccn=(organic)|utmcmd=organic|utmctr=whitesandresorts"
62.32.215.254 - - [19/Sep/2010:12:52:56 +0200] "GET /dibujar.php?file=admin/archivos/115_DTO_portada_el_bosque1.jpg&ancho=560&alto=400&cut=1 HTTP/1.1" 200 150385 "http://www.whitesandresorts.es/El-Bosque" "Mozilla/4.0 (compatible; MSIE 8.0; Windows NT 6.1; Trident/4.0; SLCC2; .NET CLR 2.0.50727; .NET CLR 3.5.30729; .NET CLR 3.0.30729; HPNTDF)" "PHPSESSID=4qf2m5ihin3ac09jkp5cj3oj94; __utma=225644636.379675003.1284886841.1284886841.1284886841.1; __utmb=225644636.16.10.1284886841; __utmc=225644636; __utmz=225644636.1284886841.1.1.utmcsr=google|utmccn=(organic)|utmcmd=organic|utmctr=whitesandresorts"
62.32.215.254 - - [19/Sep/2010:12:53:01 +0200] "GET /dibujar.php?file=admin/archivos/115_DTO_pr2_-_copia.jpg&ancho=65&alto=49&cut=1 HTTP/1.1" 200 5373 "http://www.whitesandresorts.es/El-Bosque" "Mozilla/4.0 (compatible; MSIE 8.0; Windows NT 6.1; Trident/4.0; SLCC2; .NET CLR 2.0.50727; .NET CLR 3.5.30729; .NET CLR 3.0.30729; HPNTDF)" "PHPSESSID=4qf2m5ihin3ac09jkp5cj3oj94; __utma=225644636.379675003.1284886841.1284886841.1284886841.1; __utmb=225644636.16.10.1284886841; __utmc=225644636; __utmz=225644636.1284886841.1.1.utmcsr=google|utmccn=(organic)|utmcmd=organic|utmctr=whitesandresorts"
62.32.215.254 - - [19/Sep/2010:12:53:02 +0200] "GET /dibujar.php?file=admin/archivos/115_DTO_p1010111.jpg&ancho=65&alto=49&cut=1 HTTP/1.1" 200 4966 "http://www.whitesandresorts.es/El-Bosque" "Mozilla/4.0 (compatible; MSIE 8.0; Windows NT 6.1; Trident/4.0; SLCC2; .NET CLR 2.0.50727; .NET CLR 3.5.30729; .NET CLR 3.0.30729; HPNTDF)" "PHPSESSID=4qf2m5ihin3ac09jkp5cj3oj94; __utma=225644636.379675003.1284886841.1284886841.1284886841.1; __utmb=225644636.16.10.1284886841; __utmc=225644636; __utmz=225644636.1284886841.1.1.utmcsr=google|utmccn=(organic)|utmcmd=organic|utmctr=whitesandresorts"
62.32.215.254 - - [19/Sep/2010:12:53:03 +0200] "GET /dibujar.php?file=admin/archivos/115_DTO_02_el_bosque_terraza.jpg&ancho=65&alto=49&cut=1 HTTP/1.1" 200 5179 "http://www.whitesandresorts.es/El-Bosque" "Mozilla/4.0 (compatible; MSIE 8.0; Windows NT 6.1; Trident/4.0; SLCC2; .NET CLR 2.0.50727; .NET CLR 3.5.30729; .NET CLR 3.0.30729; HPNTDF)" "PHPSESSID=4qf2m5ihin3ac09jkp5cj3oj94; __utma=225644636.379675003.1284886841.1284886841.1284886841.1; __utmb=225644636.16.10.1284886841; __utmc=225644636; __utmz=225644636.1284886841.1.1.utmcsr=google|utmccn=(organic)|utmcmd=organic|utmctr=whitesandresorts"
